  Game.cpp
D:\UniWork\Year 04\CMP405 - Tools\Coursework\WFFC-Edit-JanHuss\WOFFCEdit\Game.cpp(29,16): warning C4305: '=': truncation from 'double' to 'float'
D:\UniWork\Year 04\CMP405 - Tools\Coursework\WFFC-Edit-JanHuss\WOFFCEdit\Game.cpp(179,59): warning C4244: 'argument': conversion from 'int' to 'float', possible loss of data
D:\UniWork\Year 04\CMP405 - Tools\Coursework\WFFC-Edit-JanHuss\WOFFCEdit\Game.cpp(179,38): warning C4244: 'argument': conversion from 'int' to 'float', possible loss of data
D:\UniWork\Year 04\CMP405 - Tools\Coursework\WFFC-Edit-JanHuss\WOFFCEdit\Game.cpp(188,59): warning C4244: 'argument': conversion from 'int' to 'float', possible loss of data
D:\UniWork\Year 04\CMP405 - Tools\Coursework\WFFC-Edit-JanHuss\WOFFCEdit\Game.cpp(188,38): warning C4244: 'argument': conversion from 'int' to 'float', possible loss of data
D:\UniWork\Year 04\CMP405 - Tools\Coursework\WFFC-Edit-JanHuss\WOFFCEdit\Game.cpp(299,23): warning C4267: 'initializing': conversion from 'size_t' to 'int', possible loss of data
D:\UniWork\Year 04\CMP405 - Tools\Coursework\WFFC-Edit-JanHuss\WOFFCEdit\Game.cpp(309,57): warning C4244: 'argument': conversion from 'double' to 'float', possible loss of data
D:\UniWork\Year 04\CMP405 - Tools\Coursework\WFFC-Edit-JanHuss\WOFFCEdit\Game.cpp(308,57): warning C4244: 'argument': conversion from 'double' to 'float', possible loss of data
D:\UniWork\Year 04\CMP405 - Tools\Coursework\WFFC-Edit-JanHuss\WOFFCEdit\Game.cpp(307,97): warning C4244: 'argument': conversion from 'double' to 'float', possible loss of data
D:\UniWork\Year 04\CMP405 - Tools\Coursework\WFFC-Edit-JanHuss\WOFFCEdit\Game.cpp(350,10): warning C4101: 'Buffer': unreferenced local variable
D:\UniWork\Year 04\CMP405 - Tools\Coursework\WFFC-Edit-JanHuss\WOFFCEdit\Game.cpp(474,17): warning C4267: 'initializing': conversion from 'size_t' to 'int', possible loss of data
D:\UniWork\Year 04\CMP405 - Tools\Coursework\WFFC-Edit-JanHuss\WOFFCEdit\Game.cpp(592,36): warning C4244: '=': conversion from 'double' to 'float', possible loss of data
D:\UniWork\Year 04\CMP405 - Tools\Coursework\WFFC-Edit-JanHuss\WOFFCEdit\Game.cpp(593,28): warning C4244: '=': conversion from 'double' to 'float', possible loss of data
D:\UniWork\Year 04\CMP405 - Tools\Coursework\WFFC-Edit-JanHuss\WOFFCEdit\Game.cpp(594,36): warning C4244: '=': conversion from 'double' to 'float', possible loss of data
D:\UniWork\Year 04\CMP405 - Tools\Coursework\WFFC-Edit-JanHuss\WOFFCEdit\Game.cpp(706,14): warning C4244: 'argument': conversion from 'int' to 'float', possible loss of data
D:\UniWork\Year 04\CMP405 - Tools\Coursework\WFFC-Edit-JanHuss\WOFFCEdit\Game.cpp(705,53): warning C4244: 'argument': conversion from 'int' to 'float', possible loss of data
D:\UniWork\Year 04\CMP405 - Tools\Coursework\WFFC-Edit-JanHuss\WOFFCEdit\Game.cpp(709,14): warning C4244: 'argument': conversion from 'int' to 'float', possible loss of data
D:\UniWork\Year 04\CMP405 - Tools\Coursework\WFFC-Edit-JanHuss\WOFFCEdit\Game.cpp(708,52): warning C4244: 'argument': conversion from 'int' to 'float', possible loss of data
D:\UniWork\Year 04\CMP405 - Tools\Coursework\WFFC-Edit-JanHuss\WOFFCEdit\Game.cpp(724,47): warning C4244: 'argument': conversion from 'double' to 'float', possible loss of data
D:\UniWork\Year 04\CMP405 - Tools\Coursework\WFFC-Edit-JanHuss\WOFFCEdit\Game.cpp(723,47): warning C4244: 'argument': conversion from 'double' to 'float', possible loss of data
D:\UniWork\Year 04\CMP405 - Tools\Coursework\WFFC-Edit-JanHuss\WOFFCEdit\Game.cpp(722,47): warning C4244: 'argument': conversion from 'double' to 'float', possible loss of data
D:\UniWork\Year 04\CMP405 - Tools\Coursework\WFFC-Edit-JanHuss\WOFFCEdit\Game.cpp(739,23): warning C4244: 'argument': conversion from 'LONG' to 'float', possible loss of data
D:\UniWork\Year 04\CMP405 - Tools\Coursework\WFFC-Edit-JanHuss\WOFFCEdit\Game.cpp(738,23): warning C4244: 'argument': conversion from 'LONG' to 'float', possible loss of data
D:\UniWork\Year 04\CMP405 - Tools\Coursework\WFFC-Edit-JanHuss\WOFFCEdit\Game.cpp(749,23): warning C4244: 'argument': conversion from 'LONG' to 'float', possible loss of data
D:\UniWork\Year 04\CMP405 - Tools\Coursework\WFFC-Edit-JanHuss\WOFFCEdit\Game.cpp(748,23): warning C4244: 'argument': conversion from 'LONG' to 'float', possible loss of data
D:\UniWork\Year 04\CMP405 - Tools\Coursework\WFFC-Edit-JanHuss\WOFFCEdit\Game.cpp(789): warning C4715: 'Game::MousePicking': not all control paths return a value
  Win32SimpleSample.vcxproj -> D:\UniWork\Year 04\CMP405 - Tools\Coursework\WFFC-Edit-JanHuss\WOFFCEdit\x64\Debug\WoFEdit.exe
