d:\uniwork\year 04\cmp405 - tools\coursework\wffc-edit-janhuss\woffcedit\x64\debug\vc143.pdb
d:\uniwork\year 04\cmp405 - tools\coursework\wffc-edit-janhuss\woffcedit\x64\debug\vc143.idb
d:\uniwork\year 04\cmp405 - tools\coursework\wffc-edit-janhuss\woffcedit\x64\debug\toolmain.obj
d:\uniwork\year 04\cmp405 - tools\coursework\wffc-edit-janhuss\woffcedit\x64\debug\selectdialogue.obj
d:\uniwork\year 04\cmp405 - tools\coursework\wffc-edit-janhuss\woffcedit\x64\debug\sceneobject.obj
d:\uniwork\year 04\cmp405 - tools\coursework\wffc-edit-janhuss\woffcedit\x64\debug\mfcmain.obj
d:\uniwork\year 04\cmp405 - tools\coursework\wffc-edit-janhuss\woffcedit\x64\debug\pch.obj
d:\uniwork\year 04\cmp405 - tools\coursework\wffc-edit-janhuss\woffcedit\x64\debug\mfcrenderframe.obj
d:\uniwork\year 04\cmp405 - tools\coursework\wffc-edit-janhuss\woffcedit\x64\debug\mfcframe.obj
d:\uniwork\year 04\cmp405 - tools\coursework\wffc-edit-janhuss\woffcedit\x64\debug\main.obj
d:\uniwork\year 04\cmp405 - tools\coursework\wffc-edit-janhuss\woffcedit\x64\debug\game.obj
d:\uniwork\year 04\cmp405 - tools\coursework\wffc-edit-janhuss\woffcedit\x64\debug\displayobject.obj
d:\uniwork\year 04\cmp405 - tools\coursework\wffc-edit-janhuss\woffcedit\x64\debug\displaychunk.obj
d:\uniwork\year 04\cmp405 - tools\coursework\wffc-edit-janhuss\woffcedit\x64\debug\deviceresources.obj
d:\uniwork\year 04\cmp405 - tools\coursework\wffc-edit-janhuss\woffcedit\x64\debug\chunkobject.obj
d:\uniwork\year 04\cmp405 - tools\coursework\wffc-edit-janhuss\woffcedit\x64\debug\sqlite3.obj
d:\uniwork\year 04\cmp405 - tools\coursework\wffc-edit-janhuss\woffcedit\x64\debug\transportcontrols.obj
d:\uniwork\year 04\cmp405 - tools\coursework\wffc-edit-janhuss\woffcedit\x64\debug\wofedit.exe
d:\uniwork\year 04\cmp405 - tools\coursework\wffc-edit-janhuss\woffcedit\x64\debug\wofedit.ilk
d:\uniwork\year 04\cmp405 - tools\coursework\wffc-edit-janhuss\woffcedit\x64\debug\wofedit.pdb
d:\uniwork\year 04\cmp405 - tools\coursework\wffc-edit-janhuss\woffcedit\x64\debug\win32simplesample.res
d:\uniwork\year 04\cmp405 - tools\coursework\wffc-edit-janhuss\woffcedit\x64\debug\wofedit.tlog\cl.command.1.tlog
d:\uniwork\year 04\cmp405 - tools\coursework\wffc-edit-janhuss\woffcedit\x64\debug\wofedit.tlog\cl.items.tlog
d:\uniwork\year 04\cmp405 - tools\coursework\wffc-edit-janhuss\woffcedit\x64\debug\wofedit.tlog\cl.read.1.tlog
d:\uniwork\year 04\cmp405 - tools\coursework\wffc-edit-janhuss\woffcedit\x64\debug\wofedit.tlog\cl.write.1.tlog
d:\uniwork\year 04\cmp405 - tools\coursework\wffc-edit-janhuss\woffcedit\x64\debug\wofedit.tlog\link.command.1.tlog
d:\uniwork\year 04\cmp405 - tools\coursework\wffc-edit-janhuss\woffcedit\x64\debug\wofedit.tlog\link.read.1.tlog
d:\uniwork\year 04\cmp405 - tools\coursework\wffc-edit-janhuss\woffcedit\x64\debug\wofedit.tlog\link.write.1.tlog
d:\uniwork\year 04\cmp405 - tools\coursework\wffc-edit-janhuss\woffcedit\x64\debug\wofedit.tlog\rc.command.1.tlog
d:\uniwork\year 04\cmp405 - tools\coursework\wffc-edit-janhuss\woffcedit\x64\debug\wofedit.tlog\rc.read.1.tlog
d:\uniwork\year 04\cmp405 - tools\coursework\wffc-edit-janhuss\woffcedit\x64\debug\wofedit.tlog\rc.write.1.tlog
